=== bulk campaign start 10:10:49Z ===

########## b_ctrl ##########
[b_ctrl] 50 features, 6 folds, 2500 iterations
    baseline blend: gap_aobt=+0.431  gap_eobt=+0.202  gap_lobt=+0.053  gap_sched=+0.002  const=+203.566
    per-airport baselines fitted for 10 of 10 airports
    no-plan routed: LIRF 1,091, other 16,006
    dedicated no-plan model: global   2941.5 ->   1892.1 on 5,373 rows | overall  437.12 ->  334.59
  fold (1, 7): seed0   437.12  bagged(1)   334.59  gain +102.53  bulk  238.72  (2301s)
    baseline blend: gap_aobt=+0.436  gap_eobt=+0.198  gap_lobt=+0.061  gap_sched=+0.003  const=+190.801
    per-airport baselines fitted for 10 of 10 airports
    no-plan routed: LIRF 1,261, other 17,662
    dedicated no-plan model: global   2113.0 ->   1184.9 on 3,547 rows | overall  296.75 ->  238.53
  fold (3, 9): seed0   296.75  bagged(1)   238.53  gain +58.21  bulk  207.47  (2133s)
    baseline blend: gap_aobt=+0.432  gap_eobt=+0.193  gap_lobt=+0.063  gap_sched=+0.003  const=+197.073
    per-airport baselines fitted for 10 of 10 airports
./scripts/run_bulk.sh: line 49: 13520 Killed                  $PY -u -m prc.crossval --tag "$tag" --folds 1,3,5 --iterations 2500 --threads 6 --seeds 1 --noplan-model --residual --baseline blend_apt --drop "$DROP" --noplan-routes LIRF "$@"
[bulk] b_ctrl FAILED

########## b_lossguide ##########
[b_lossguide] 50 features, 6 folds, 2500 iterations
    baseline blend: gap_aobt=+0.431  gap_eobt=+0.202  gap_lobt=+0.053  gap_sched=+0.002  const=+203.566
    per-airport baselines fitted for 10 of 10 airports
