=== v8 start 00:28:46Z ===
restored to the model: ['arr_taxi_60min', 'dep_rwy_30min', 'dep_rwy_headway', 'sched_demand_30min', 'wx_age_min', 'wx_ceiling_ft', 'wx_deice_risk', 'wx_dewpoint_c', 'wx_freezing', 'wx_gust_kt', 'wx_heavy_precip', 'wx_lowvis', 'wx_precip', 'wx_snow', 'wx_temp_c', 'wx_thunder', 'wx_visibility_km', 'wx_wind_kt']
training on ALL 2,085,047 rows of 2025 (50 features, 3 seeds)
C:\Users\hackathon\Documents\GitHub\prc-taxiout-2026\prc\weather.py:137: UserWarning: Sortedness of columns cannot be checked when 'by' groups provided
  .join_asof(
scoring 344,841 ranking rows
    baseline blend: gap_aobt=+0.431  gap_eobt=+0.198  gap_lobt=+0.060  gap_sched=+0.003  const=+197.963
    per-airport baselines fitted for 10 of 10 airports
  residual mode (blend_apt): baseline mean 999.1s on the ranking set
0:	learn: 460.9923643	total: 1.65s	remaining: 1h 8m 35s
250:	learn: 275.7523441	total: 6m 55s	remaining: 1h 2m
./scripts/run_v8.sh: line 43:  6707 Killed                  "$PY" -u -m prc.final --seeds 3 --iterations 2500 --threads 5 --noplan-model --noplan-split-lirf --residual --baseline blend_apt --keep "$WAVE2,$WX" --upload
=== v8 exit 137 at 00:38:09Z ===
=== waiting for prc-taxiout-333 at 00:39:06Z ===
=== v8 start 01:05:07Z ===
restored to the model: ['arr_taxi_60min', 'dep_rwy_30min', 'dep_rwy_headway', 'sched_demand_30min', 'wx_age_min', 'wx_ceiling_ft', 'wx_deice_risk', 'wx_dewpoint_c', 'wx_freezing', 'wx_gust_kt', 'wx_heavy_precip', 'wx_lowvis', 'wx_precip', 'wx_snow', 'wx_temp_c', 'wx_thunder', 'wx_visibility_km', 'wx_wind_kt']
cache is stale, missing ['callsign_op'] — rebuilding
C:\Users\hackathon\Documents\GitHub\prc-taxiout-2026\prc\weather.py:137: UserWarning: Sortedness of columns cannot be checked when 'by' groups provided
  .join_asof(
  training_2025-01-01_2025-02-01.parquet: 153,706 dep rows
  training_2025-02-01_2025-03-01.parquet: 143,731 dep rows
  training_2025-03-01_2025-04-01.parquet: 164,450 dep rows
  training_2025-04-01_2025-05-01.parquet: 175,288 dep rows
  training_2025-05-01_2025-06-01.parquet: 185,202 dep rows
  training_2025-06-01_2025-07-01.parquet: 183,142 dep rows
  training_2025-07-01_2025-08-01.parquet: 190,713 dep rows
  training_2025-08-01_2025-09-01.parquet: 191,181 dep rows
  training_2025-09-01_2025-10-01.parquet: 183,951 dep rows
  training_2025-10-01_2025-11-01.parquet: 185,674 dep rows
  training_2025-11-01_2025-12-01.parquet: 162,332 dep rows
  training_2025-12-01_2026-01-01.parquet: 165,677 dep rows
training on ALL 2,085,047 rows of 2025 (50 features, 3 seeds)
scoring 344,841 ranking rows
    baseline blend: gap_aobt=+0.431  gap_eobt=+0.198  gap_lobt=+0.060  gap_sched=+0.003  const=+197.963
    per-airport baselines fitted for 10 of 10 airports
  residual mode (blend_apt): baseline mean 999.1s on the ranking set
0:	learn: 460.9923643	total: 2.11s	remaining: 1h 27m 48s
250:	learn: 275.7523441	total: 6m 29s	remaining: 58m 10s
500:	learn: 251.6475715	total: 12m 57s	remaining: 51m 41s
750:	learn: 239.8080480	total: 18m 18s	remaining: 42m 39s
1000:	learn: 231.7432329	total: 23m 25s	remaining: 35m 4s
1250:	learn: 225.8582305	total: 28m 9s	remaining: 28m 7s
1500:	learn: 221.0376503	total: 33m 5s	remaining: 22m 1s
1750:	learn: 217.2825048	total: 38m 7s	remaining: 16m 18s
